[1/170] Building C object lib/CMakeFiles/libcurl_static.dir/amigaos.c.o
[2/170] Building C object lib/CMakeFiles/libcurl_static.dir/c-hyper.c.o
[3/170] Building C object lib/CMakeFiles/libcurl_static.dir/cf-h2-proxy.c.o
[4/170] Building C object lib/CMakeFiles/libcurl_static.dir/bufref.c.o
[5/170] Building C object lib/CMakeFiles/libcurl_static.dir/asyn-ares.c.o
[6/170] Building C object lib/CMakeFiles/libcurl_static.dir/curl_endian.c.o
[7/170] Building C object lib/CMakeFiles/libcurl_static.dir/cf-haproxy.c.o
[8/170] Building C object lib/CMakeFiles/libcurl_static.dir/curl_fnmatch.c.o
[9/170] Building C object lib/CMakeFiles/libcurl_static.dir/curl_des.c.o
[10/170] Building C object lib/CMakeFiles/libcurl_static.dir/asyn-thread.c.o
[11/170] Building C object lib/CMakeFiles/libcurl_static.dir/base64.c.o
[12/170] Building C object lib/CMakeFiles/libcurl_static.dir/curl_get_line.c.o
[13/170] Building C object lib/CMakeFiles/libcurl_static.dir/curl_addrinfo.c.o
[14/170] Building C object lib/CMakeFiles/libcurl_static.dir/cf-https-connect.c.o
[15/170] Building C object lib/CMakeFiles/libcurl_static.dir/curl_gethostname.c.o
[16/170] Building C object lib/CMakeFiles/libcurl_static.dir/curl_memrchr.c.o
[17/170] Building C object lib/CMakeFiles/libcurl_static.dir/curl_gssapi.c.o
[18/170] Building C object lib/CMakeFiles/libcurl_static.dir/curl_ntlm_core.c.o
[19/170] Building C object lib/CMakeFiles/libcurl_static.dir/curl_range.c.o
[20/170] Building C object lib/CMakeFiles/libcurl_static.dir/curl_multibyte.c.o
[21/170] Building C object lib/CMakeFiles/libcurl_static.dir/curl_rtmp.c.o
[22/170] Building C object lib/CMakeFiles/libcurl_static.dir/altsvc.c.o
[23/170] Building C object lib/CMakeFiles/libcurl_static.dir/curl_sspi.c.o
[24/170] Building C object lib/CMakeFiles/libcurl_static.dir/bufq.c.o
[25/170] Building C object lib/CMakeFiles/libcurl_static.dir/curl_sasl.c.o
[26/170] Building C object lib/CMakeFiles/libcurl_static.dir/dict.c.o
[27/170] Building C object lib/CMakeFiles/libcurl_static.dir/content_encoding.c.o
[28/170] Building C object lib/CMakeFiles/libcurl_static.dir/dynbuf.c.o
[29/170] Building C object lib/CMakeFiles/libcurl_static.dir/curl_sha512_256.c.o
[30/170] Building C object lib/CMakeFiles/libcurl_static.dir/curl_threads.c.o
[31/170] Building C object lib/CMakeFiles/libcurl_static.dir/cfilters.c.o
[32/170] Building C object lib/CMakeFiles/libcurl_static.dir/file.c.o
[33/170] Building C object lib/CMakeFiles/libcurl_static.dir/dynhds.c.o
[34/170] Building C object lib/CMakeFiles/libcurl_static.dir/fileinfo.c.o
[35/170] Building C object lib/CMakeFiles/libcurl_static.dir/cf-h1-proxy.c.o
[36/170] Building C object lib/CMakeFiles/libcurl_static.dir/easygetopt.c.o
[37/170] Building C object lib/CMakeFiles/libcurl_static.dir/conncache.c.o
[38/170] Building C object lib/CMakeFiles/libcurl_static.dir/cookie.c.o
[39/170] Building C object lib/CMakeFiles/libcurl_static.dir/easyoptions.c.o
[40/170] Building C object lib/CMakeFiles/libcurl_static.dir/ftplistparser.c.o
[41/170] Building C object lib/CMakeFiles/libcurl_static.dir/cf-socket.c.o
[42/170] Building C object lib/CMakeFiles/libcurl_static.dir/cw-out.c.o
[43/170] Building C object lib/CMakeFiles/libcurl_static.dir/ftp.c.o
[44/170] Building C object lib/CMakeFiles/libcurl_static.dir/getenv.c.o
[45/170] Building C object lib/CMakeFiles/libcurl_static.dir/curl_trc.c.o
[46/170] Building C object lib/CMakeFiles/libcurl_static.dir/easy.c.o
[47/170] Building C object lib/CMakeFiles/libcurl_static.dir/hostip4.c.o
[48/170] Building C object lib/CMakeFiles/libcurl_static.dir/escape.c.o
[49/170] Building C object lib/CMakeFiles/libcurl_static.dir/fopen.c.o
[50/170] Building C object lib/CMakeFiles/libcurl_static.dir/gopher.c.o
[51/170] Building C object lib/CMakeFiles/libcurl_static.dir/hostsyn.c.o
[52/170] Building C object lib/CMakeFiles/libcurl_static.dir/hostasyn.c.o
[53/170] Building C object lib/CMakeFiles/libcurl_static.dir/connect.c.o
[54/170] Building C object lib/CMakeFiles/libcurl_static.dir/http2.c.o
[55/170] Building C object lib/CMakeFiles/libcurl_static.dir/hostip6.c.o
[56/170] Building C object lib/CMakeFiles/libcurl_static.dir/hmac.c.o
[57/170] Building C object lib/CMakeFiles/libcurl_static.dir/http_negotiate.c.o
[58/170] Building C object lib/CMakeFiles/libcurl_static.dir/hash.c.o
[59/170] Building C object lib/CMakeFiles/libcurl_static.dir/http_ntlm.c.o
[60/170] Building C object lib/CMakeFiles/libcurl_static.dir/doh.c.o
[61/170] Building C object lib/CMakeFiles/libcurl_static.dir/getinfo.c.o
[62/170] Building C object lib/CMakeFiles/libcurl_static.dir/headers.c.o
[63/170] Building C object lib/CMakeFiles/libcurl_static.dir/inet_pton.c.o
[64/170] Building C object lib/CMakeFiles/libcurl_static.dir/krb5.c.o
[65/170] Building C object lib/CMakeFiles/libcurl_static.dir/http1.c.o
[66/170] Building C object lib/CMakeFiles/libcurl_static.dir/inet_ntop.c.o
[67/170] Building C object lib/CMakeFiles/libcurl_static.dir/imap.c.o
[68/170] Building C object lib/CMakeFiles/libcurl_static.dir/macos.c.o
[69/170] Building C object lib/CMakeFiles/libcurl_static.dir/hsts.c.o
[70/170] Building C object lib/CMakeFiles/libcurl_static.dir/http_digest.c.o
[71/170] Building C object lib/CMakeFiles/libcurl_static.dir/md4.c.o
[72/170] Building C object lib/CMakeFiles/libcurl_static.dir/memdebug.c.o
[73/170] Building C object lib/CMakeFiles/libcurl_static.dir/ldap.c.o
[74/170] Building C object lib/CMakeFiles/libcurl_static.dir/idn.c.o
[75/170] Building C object lib/CMakeFiles/libcurl_static.dir/http_chunks.c.o
[76/170] Building C object lib/CMakeFiles/libcurl_static.dir/mqtt.c.o
[77/170] Building C object lib/CMakeFiles/libcurl_static.dir/md5.c.o
[78/170] Building C object lib/CMakeFiles/libcurl_static.dir/hostip.c.o
[79/170] Building C object lib/CMakeFiles/libcurl_static.dir/http_proxy.c.o
[80/170] Building C object lib/CMakeFiles/libcurl_static.dir/http_aws_sigv4.c.o
[81/170] Building C object lib/CMakeFiles/libcurl_static.dir/if2ip.c.o
[82/170] Building C object lib/CMakeFiles/libcurl_static.dir/pop3.c.o
[83/170] Building C object lib/CMakeFiles/libcurl_static.dir/nonblock.c.o
[84/170] Building C object lib/CMakeFiles/libcurl_static.dir/openldap.c.o
[85/170] Building C object lib/CMakeFiles/libcurl_static.dir/llist.c.o
[86/170] Building C object lib/CMakeFiles/libcurl_static.dir/pingpong.c.o
[87/170] Building C object lib/CMakeFiles/libcurl_static.dir/noproxy.c.o
[88/170] Building C object lib/CMakeFiles/libcurl_static.dir/formdata.c.o
[89/170] Building C object lib/CMakeFiles/libcurl_static.dir/psl.c.o
[90/170] Building C object lib/CMakeFiles/libcurl_static.dir/rtsp.c.o
[91/170] Building C object lib/CMakeFiles/libcurl_static.dir/netrc.c.o
[92/170] Building C object lib/CMakeFiles/libcurl_static.dir/rand.c.o
[93/170] Building C object lib/CMakeFiles/libcurl_static.dir/smb.c.o
[94/170] Building C object lib/CMakeFiles/libcurl_static.dir/rename.c.o
[95/170] Building C object lib/CMakeFiles/libcurl_static.dir/sha256.c.o
[96/170] Building C object lib/CMakeFiles/libcurl_static.dir/smtp.c.o
[97/170] Building C object lib/CMakeFiles/libcurl_static.dir/slist.c.o
[98/170] Building C object lib/CMakeFiles/libcurl_static.dir/socketpair.c.o
[99/170] Building C object lib/CMakeFiles/libcurl_static.dir/share.c.o
[100/170] Building C object lib/CMakeFiles/libcurl_static.dir/select.c.o
[101/170] Building C object lib/CMakeFiles/libcurl_static.dir/socks_gssapi.c.o
[102/170] Building C object lib/CMakeFiles/libcurl_static.dir/splay.c.o
[103/170] Building C object lib/CMakeFiles/libcurl_static.dir/socks_sspi.c.o
[104/170] Building C object lib/CMakeFiles/libcurl_static.dir/strdup.c.o
[105/170] Building C object lib/CMakeFiles/libcurl_static.dir/strtok.c.o
[106/170] Building C object lib/CMakeFiles/libcurl_static.dir/strcase.c.o
[107/170] Building C object lib/CMakeFiles/libcurl_static.dir/speedcheck.c.o
[108/170] Building C object lib/CMakeFiles/libcurl_static.dir/telnet.c.o
[109/170] Building C object lib/CMakeFiles/libcurl_static.dir/system_win32.c.o
[110/170] Building C object lib/CMakeFiles/libcurl_static.dir/progress.c.o
[111/170] Building C object lib/CMakeFiles/libcurl_static.dir/strtoofft.c.o
[112/170] Building C object lib/CMakeFiles/libcurl_static.dir/strerror.c.o
[113/170] Building C object lib/CMakeFiles/libcurl_static.dir/request.c.o
[114/170] Building C object lib/CMakeFiles/libcurl_static.dir/tftp.c.o
[115/170] Building C object lib/CMakeFiles/libcurl_static.dir/parsedate.c.o
[116/170] Building C object lib/CMakeFiles/libcurl_static.dir/version_win32.c.o
[117/170] Building C object lib/CMakeFiles/libcurl_static.dir/timediff.c.o
[118/170] Building C object lib/CMakeFiles/libcurl_static.dir/warnless.c.o
[119/170] Building C object lib/CMakeFiles/libcurl_static.dir/timeval.c.o
[120/170] Building C object lib/CMakeFiles/libcurl_static.dir/version.c.o
[121/170] Building C object lib/CMakeFiles/libcurl_static.dir/vauth/krb5_gssapi.c.o
[122/170] Building C object lib/CMakeFiles/libcurl_static.dir/vauth/gsasl.c.o
[123/170] Building C object lib/CMakeFiles/libcurl_static.dir/vauth/cleartext.c.o
[124/170] Building C object lib/CMakeFiles/libcurl_static.dir/vauth/cram.c.o
[125/170] Building C object lib/CMakeFiles/libcurl_static.dir/vauth/digest_sspi.c.o
[126/170] Building C object lib/CMakeFiles/libcurl_static.dir/socks.c.o
[127/170] Building C object lib/CMakeFiles/libcurl_static.dir/vauth/ntlm.c.o
[128/170] Building C object lib/CMakeFiles/libcurl_static.dir/vauth/krb5_sspi.c.o
[129/170] Building C object lib/CMakeFiles/libcurl_static.dir/sendf.c.o
[130/170] Building C object lib/CMakeFiles/libcurl_static.dir/vauth/oauth2.c.o
[131/170] Building C object lib/CMakeFiles/libcurl_static.dir/vauth/spnego_gssapi.c.o
[132/170] Building C object lib/CMakeFiles/libcurl_static.dir/mime.c.o
[133/170] Building C object lib/CMakeFiles/libcurl_static.dir/vauth/ntlm_sspi.c.o
[134/170] Building C object lib/CMakeFiles/libcurl_static.dir/vtls/bearssl.c.o
[135/170] Building C object lib/CMakeFiles/libcurl_static.dir/vtls/gtls.c.o
[136/170] Building C object lib/CMakeFiles/libcurl_static.dir/vtls/hostcheck.c.o
[137/170] Building C object lib/CMakeFiles/libcurl_static.dir/transfer.c.o
[138/170] Building C object lib/CMakeFiles/libcurl_static.dir/vtls/keylog.c.o
[139/170] Building C object lib/CMakeFiles/libcurl_static.dir/vtls/openssl.c.o
[140/170] Building C object lib/CMakeFiles/libcurl_static.dir/vauth/spnego_sspi.c.o
[141/170] Building C object lib/CMakeFiles/libcurl_static.dir/vtls/rustls.c.o
[142/170] Building C object lib/CMakeFiles/libcurl_static.dir/vtls/schannel.c.o
[143/170] Building C object lib/CMakeFiles/libcurl_static.dir/vauth/vauth.c.o
[144/170] Building C object lib/CMakeFiles/libcurl_static.dir/vtls/mbedtls_threadlock.c.o
[145/170] Building C object lib/CMakeFiles/libcurl_static.dir/http.c.o
[146/170] Building C object lib/CMakeFiles/libcurl_static.dir/vtls/schannel_verify.c.o
[147/170] Building C object lib/CMakeFiles/libcurl_static.dir/setopt.c.o
[148/170] Building C object lib/CMakeFiles/libcurl_static.dir/vquic/curl_msh3.c.o
[149/170] Building C object lib/CMakeFiles/libcurl_static.dir/vquic/curl_ngtcp2.c.o
[150/170] Building C object lib/CMakeFiles/libcurl_static.dir/vtls/sectransp.c.o
[151/170] Building C object lib/CMakeFiles/libcurl_static.dir/vquic/curl_osslq.c.o
[152/170] Building C object lib/CMakeFiles/libcurl_static.dir/vtls/wolfssl.c.o
[153/170] Building C object lib/CMakeFiles/libcurl_static.dir/vquic/vquic-tls.c.o
[154/170] Building C object lib/CMakeFiles/libcurl_static.dir/vssh/libssh.c.o
[155/170] Building C object lib/CMakeFiles/libcurl_static.dir/vssh/libssh2.c.o
[156/170] Building C object lib/CMakeFiles/libcurl_static.dir/vssh/curl_path.c.o
[157/170] Building C object lib/CMakeFiles/libcurl_static.dir/vquic/vquic.c.o
[158/170] Building C object lib/CMakeFiles/libcurl_static.dir/vquic/curl_quiche.c.o
[159/170] Building C object lib/CMakeFiles/libcurl_static.dir/vtls/cipher_suite.c.o
[160/170] Building C object lib/CMakeFiles/libcurl_static.dir/vssh/wolfssh.c.o
[161/170] Building C object lib/CMakeFiles/libcurl_static.dir/multi.c.o
[162/170] Building C object lib/CMakeFiles/libcurl_static.dir/vauth/digest.c.o
[163/170] Building C object lib/CMakeFiles/libcurl_static.dir/ws.c.o
[164/170] Building C object lib/CMakeFiles/libcurl_static.dir/urlapi.c.o
[165/170] Building C object lib/CMakeFiles/libcurl_static.dir/mprintf.c.o
[166/170] Building C object lib/CMakeFiles/libcurl_static.dir/vtls/mbedtls.c.o
[167/170] Building C object lib/CMakeFiles/libcurl_static.dir/vtls/x509asn1.c.o
[168/170] Building C object lib/CMakeFiles/libcurl_static.dir/url.c.o
[169/170] Building C object lib/CMakeFiles/libcurl_static.dir/vtls/vtls.c.o
[170/170] Linking C static library lib/libcurl.a
