\BOOKMARK [1][-]{section.1}{\376\377\000W\000h\000a\000t\000\040\000i\000s\000\040\000S\000t\000r\000e\000a\000m\000e\000r\000?}{}% 1
\BOOKMARK [1][-]{section.2}{\376\377\000F\000i\000r\000s\000t\000-\000T\000i\000m\000e\000\040\000S\000e\000t\000u\000p}{}% 2
\BOOKMARK [2][-]{subsection.2.1}{\376\377\000S\000t\000e\000p\000\040\0001\000\040\040\024\000\040\000O\000p\000e\000n\000\040\000t\000h\000e\000\040\000A\000p\000p}{section.2}% 3
\BOOKMARK [2][-]{subsection.2.2}{\376\377\000S\000t\000e\000p\000\040\0002\000\040\040\024\000\040\000C\000r\000e\000a\000t\000e\000\040\000a\000n\000\040\000A\000c\000c\000o\000u\000n\000t\000\040\000S\000l\000o\000t}{section.2}% 4
\BOOKMARK [2][-]{subsection.2.3}{\376\377\000S\000t\000e\000p\000\040\0003\000\040\040\024\000\040\000L\000o\000g\000\040\000I\000n}{section.2}% 5
\BOOKMARK [2][-]{subsection.2.4}{\376\377\000S\000t\000e\000p\000\040\0004\000\040\040\024\000\040\000S\000e\000t\000\040\000Y\000o\000u\000r\000\040\000D\000o\000w\000n\000l\000o\000a\000d\000\040\000F\000o\000l\000d\000e\000r}{section.2}% 6
\BOOKMARK [2][-]{subsection.2.5}{\376\377\000S\000t\000e\000p\000\040\0005\000\040\040\024\000\040\000P\000i\000c\000k\000\040\000a\000\040\000Q\000u\000a\000l\000i\000t\000y}{section.2}% 7
\BOOKMARK [1][-]{section.3}{\376\377\000S\000e\000a\000r\000c\000h\000i\000n\000g\000\040\000f\000o\000r\000\040\000M\000u\000s\000i\000c}{}% 8
\BOOKMARK [2][-]{subsection.3.1}{\376\377\000B\000a\000s\000i\000c\000\040\000S\000e\000a\000r\000c\000h}{section.3}% 9
\BOOKMARK [2][-]{subsection.3.2}{\376\377\000F\000i\000l\000t\000e\000r\000s}{section.3}% 10
\BOOKMARK [2][-]{subsection.3.3}{\376\377\000C\000o\000m\000b\000i\000n\000i\000n\000g\000\040\000F\000i\000l\000t\000e\000r\000s}{section.3}% 11
\BOOKMARK [2][-]{subsection.3.4}{\376\377\000U\000n\000d\000e\000r\000s\000t\000a\000n\000d\000i\000n\000g\000\040\000t\000h\000e\000\040\000R\000e\000s\000u\000l\000t\000s}{section.3}% 12
\BOOKMARK [1][-]{section.4}{\376\377\000D\000o\000w\000n\000l\000o\000a\000d\000i\000n\000g}{}% 13
\BOOKMARK [2][-]{subsection.4.1}{\376\377\000F\000r\000o\000m\000\040\000S\000e\000a\000r\000c\000h\000\040\000R\000e\000s\000u\000l\000t\000s}{section.4}% 14
\BOOKMARK [2][-]{subsection.4.2}{\376\377\000F\000r\000o\000m\000\040\000a\000\040\000U\000R\000L}{section.4}% 15
\BOOKMARK [2][-]{subsection.4.3}{\376\377\000W\000h\000a\000t\000\040\000G\000e\000t\000s\000\040\000D\000o\000w\000n\000l\000o\000a\000d\000e\000d}{section.4}% 16
\BOOKMARK [2][-]{subsection.4.4}{\376\377\000D\000o\000w\000n\000l\000o\000a\000d\000s\000\040\000T\000a\000b}{section.4}% 17
\BOOKMARK [1][-]{section.5}{\376\377\000K\000e\000y\000b\000o\000a\000r\000d\000\040\000S\000h\000o\000r\000t\000c\000u\000t\000s}{}% 18
\BOOKMARK [1][-]{section.6}{\376\377\000M\000u\000l\000t\000i\000p\000l\000e\000\040\000A\000c\000c\000o\000u\000n\000t\000s}{}% 19
\BOOKMARK [1][-]{section.7}{\376\377\000C\000o\000m\000m\000a\000n\000d\000\040\000L\000i\000n\000e\000\040\000U\000s\000a\000g\000e}{}% 20
\BOOKMARK [2][-]{subsection.7.1}{\376\377\000L\000o\000g\000i\000n}{section.7}% 21
\BOOKMARK [2][-]{subsection.7.2}{\376\377\000D\000o\000w\000n\000l\000o\000a\000d\000\040\000a\000n\000\040\000A\000l\000b\000u\000m}{section.7}% 22
\BOOKMARK [2][-]{subsection.7.3}{\376\377\000S\000e\000a\000r\000c\000h}{section.7}% 23
\BOOKMARK [2][-]{subsection.7.4}{\376\377\000C\000h\000a\000n\000g\000e\000\040\000S\000e\000t\000t\000i\000n\000g\000s}{section.7}% 24
\BOOKMARK [1][-]{section.8}{\376\377\000C\000o\000n\000f\000i\000g\000u\000r\000a\000t\000i\000o\000n\000\040\000F\000i\000l\000e}{}% 25
\BOOKMARK [1][-]{section.9}{\376\377\000T\000r\000o\000u\000b\000l\000e\000s\000h\000o\000o\000t\000i\000n\000g}{}% 26
