-- Using CMake version 3.22.1-g37088a8
-- curl version=[8.11.1]
-- The C compiler identification is Clang 21.0.0
-- Detecting C compiler ABI info
-- Detecting C compiler ABI info - done
-- Check for working C compiler: /opt/android-sdk/ndk/29.0.14206865/toolchains/llvm/prebuilt/linux-x86_64/bin/clang - skipped
-- Detecting C compile features
-- Detecting C compile features - done
-- CMake platform flags: UNIX CROSS
-- Cross-compiling: Linux/x86_64 -> Android/x86_64
-- Picky compiler options: -Werror-implicit-function-declaration -Wextra -Wall -pedantic -Wbad-function-cast -Wconversion -Winline -Wmissing-declarations -Wmissing-prototypes -Wnested-externs -Wno-long-long -Wno-multichar -Wpointer-arith -Wshadow -Wsign-compare -Wundef -Wunused -Wwrite-strings -Waddress -Wattributes -Wcast-align -Wdeclaration-after-statement -Wdiv-by-zero -Wempty-body -Wendif-labels -Wfloat-equal -Wformat-security -Wignored-qualifiers -Wmissing-field-initializers -Wmissing-noreturn -Wno-format-nonliteral -Wno-system-headers -Wold-style-definition -Wredundant-decls -Wsign-conversion -Wno-error=sign-conversion -Wstrict-prototypes -Wtype-limits -Wunreachable-code -Wunused-parameter -Wvla -Wshift-sign-overflow -Wshorten-64-to-32 -Wformat=2 -Wlanguage-extension-token -Wdouble-promotion -Wenum-conversion -Wpragmas -Wunused-const-variable -Wheader-guard -Wsometimes-uninitialized -Wcomma -Wmissing-variable-declarations -Wassign-enum -Wextra-semi-stmt -Wimplicit-fallthrough
-- Performing Test HAVE_SOCKADDR_IN6_SIN6_ADDR
-- Performing Test HAVE_SOCKADDR_IN6_SIN6_ADDR - Success
-- Performing Test HAVE_SOCKADDR_IN6_SIN6_SCOPE_ID
-- Performing Test HAVE_SOCKADDR_IN6_SIN6_SCOPE_ID - Success
-- Found Perl: /usr/sbin/perl (found version "5.42.2") 
-- Looking for pthread.h
-- Looking for pthread.h - found
-- Performing Test CMAKE_HAVE_LIBC_PTHREAD
-- Performing Test CMAKE_HAVE_LIBC_PTHREAD - Failed
-- Looking for pthread_create in pthreads
-- Looking for pthread_create in pthreads - not found
-- Looking for pthread_create in pthread
-- Looking for pthread_create in pthread - not found
-- Check if compiler accepts -pthread
-- Check if compiler accepts -pthread - yes
-- Found Threads: TRUE  
-- Looking for connect in socket
-- Looking for connect in socket - not found
-- Looking for gethostname
-- Looking for gethostname - found
-- Found MbedTLS: /home/nava/Files/code/active/streamer/android/app/.cxx/RelWithDebInfo/c6e662bo/x86_64/kobuzapi_core/archive_engine/net/mbedtls-install/include (found version "3.6.2") 
-- Found ZLIB: /opt/android-sdk/ndk/29.0.14206865/toolchains/llvm/prebuilt/linux-x86_64/sysroot/usr/lib/x86_64-linux-android/26/libz.so (found version "1.3.0.1") 
-- Performing Test USE_UNIX_SOCKETS
-- Performing Test USE_UNIX_SOCKETS - Success
-- Looking for sys/eventfd.h
-- Looking for sys/eventfd.h - found
-- Looking for sys/filio.h
-- Looking for sys/filio.h - not found
-- Looking for sys/wait.h
-- Looking for sys/wait.h - found
-- Looking for sys/ioctl.h
-- Looking for sys/ioctl.h - found
-- Looking for sys/param.h
-- Looking for sys/param.h - found
-- Looking for sys/poll.h
-- Looking for sys/poll.h - found
-- Looking for sys/resource.h
-- Looking for sys/resource.h - found
-- Looking for include file sys/select.h
-- Looking for include file sys/select.h - found
-- Looking for include files sys/select.h, sys/socket.h
-- Looking for include files sys/select.h, sys/socket.h - found
-- Looking for sys/sockio.h
-- Looking for sys/sockio.h - not found
-- Looking for sys/stat.h
-- Looking for sys/stat.h - found
-- Looking for 3 include files sys/select.h, ..., sys/time.h
-- Looking for 3 include files sys/select.h, ..., sys/time.h - found
-- Looking for 4 include files sys/select.h, ..., sys/types.h
-- Looking for 4 include files sys/select.h, ..., sys/types.h - found
-- Looking for sys/un.h
-- Looking for sys/un.h - found
-- Looking for sys/utime.h
-- Looking for sys/utime.h - not found
-- Looking for sys/xattr.h
-- Looking for sys/xattr.h - found
-- Looking for 5 include files sys/select.h, ..., arpa/inet.h
-- Looking for 5 include files sys/select.h, ..., arpa/inet.h - found
-- Looking for dirent.h
-- Looking for dirent.h - found
-- Looking for fcntl.h
-- Looking for fcntl.h - found
-- Looking for 6 include files sys/select.h, ..., ifaddrs.h
-- Looking for 6 include files sys/select.h, ..., ifaddrs.h - found
-- Looking for io.h
-- Looking for io.h - not found
-- Looking for 7 include files sys/select.h, ..., libgen.h
-- Looking for 7 include files sys/select.h, ..., libgen.h - found
-- Looking for linux/tcp.h
-- Looking for linux/tcp.h - found
-- Looking for locale.h
-- Looking for locale.h - found
-- Looking for net/if.h
-- Looking for net/if.h - found
-- Looking for 8 include files sys/select.h, ..., netdb.h
-- Looking for 8 include files sys/select.h, ..., netdb.h - found
-- Looking for 9 include files sys/select.h, ..., netinet/in.h
-- Looking for 9 include files sys/select.h, ..., netinet/in.h - found
-- Looking for netinet/in6.h
-- Looking for netinet/in6.h - found
-- Looking for 10 include files sys/select.h, ..., netinet/tcp.h
-- Looking for 10 include files sys/select.h, ..., netinet/tcp.h - found
-- Looking for 11 include files sys/select.h, ..., netinet/udp.h
-- Looking for 11 include files sys/select.h, ..., netinet/udp.h - found
-- Looking for poll.h
-- Looking for poll.h - found
-- Looking for pwd.h
-- Looking for pwd.h - found
-- Looking for stdatomic.h
-- Looking for stdatomic.h - found
-- Looking for stdbool.h
-- Looking for stdbool.h - found
-- Looking for strings.h
-- Looking for strings.h - found
-- Looking for stropts.h
-- Looking for stropts.h - not found
-- Looking for termio.h
-- Looking for termio.h - found
-- Looking for termios.h
-- Looking for termios.h - found
-- Looking for 12 include files sys/select.h, ..., unistd.h
-- Looking for 12 include files sys/select.h, ..., unistd.h - found
-- Looking for utime.h
-- Looking for utime.h - found
-- Looking for stdint.h
-- Looking for stdint.h - found
-- Looking for stddef.h
-- Looking for stddef.h - found
-- Check size of size_t
-- Check size of size_t - done
-- Check size of ssize_t
-- Check size of ssize_t - done
-- Check size of long long
-- Check size of long long - done
-- Check size of long
-- Check size of long - done
-- Check size of int
-- Check size of int - done
-- Check size of __int64
-- Check size of __int64 - failed
-- Check size of time_t
-- Check size of time_t - done
-- Check size of suseconds_t
-- Check size of suseconds_t - done
-- Looking for fnmatch
-- Looking for fnmatch - found
-- Looking for basename
-- Looking for basename - found
-- Looking for opendir
-- Looking for opendir - found
-- Looking for poll
-- Looking for poll - found
-- Looking for socket
-- Looking for socket - found
-- Looking for sched_yield
-- Looking for sched_yield - found
-- Looking for socketpair
-- Looking for socketpair - found
-- Looking for recv
-- Looking for recv - found
-- Looking for send
-- Looking for send - found
-- Looking for sendmsg
-- Looking for sendmsg - found
-- Looking for sendmmsg
-- Looking for sendmmsg - found
-- Looking for select
-- Looking for select - found
-- Looking for strdup
-- Looking for strdup - found
-- Looking for strtok_r
-- Looking for strtok_r - found
-- Looking for strcasecmp
-- Looking for strcasecmp - found
-- Looking for stricmp
-- Looking for stricmp - not found
-- Looking for strcmpi
-- Looking for strcmpi - not found
-- Looking for memrchr
-- Looking for memrchr - found
-- Looking for alarm
-- Looking for alarm - found
-- Looking for fcntl
-- Looking for fcntl - found
-- Looking for getppid
-- Looking for getppid - found
-- Looking for utimes
-- Looking for utimes - found
-- Looking for gettimeofday
-- Looking for gettimeofday - found
-- Looking for closesocket
-- Looking for closesocket - not found
-- Looking for sigsetjmp
-- Looking for sigsetjmp - found
-- Looking for getpass_r
-- Looking for getpass_r - not found
-- Looking for getpwuid
-- Looking for getpwuid - found
-- Looking for getpwuid_r
-- Looking for getpwuid_r - found
-- Looking for geteuid
-- Looking for geteuid - found
-- Looking for utime
-- Looking for utime - found
-- Looking for gmtime_r
-- Looking for gmtime_r - found
-- Looking for gethostbyname_r
-- Looking for gethostbyname_r - found
-- Looking for signal
-- Looking for signal - found
-- Looking for strtoll
-- Looking for strtoll - found
-- Looking for strerror_r
-- Looking for strerror_r - found
-- Looking for sigaction
-- Looking for sigaction - found
-- Looking for siginterrupt
-- Looking for siginterrupt - found
-- Looking for getaddrinfo
-- Looking for getaddrinfo - found
-- Looking for getifaddrs
-- Looking for getifaddrs - found
-- Looking for freeaddrinfo
-- Looking for freeaddrinfo - found
-- Looking for pipe
-- Looking for pipe - found
-- Looking for eventfd
-- Looking for eventfd - found
-- Looking for ftruncate
-- Looking for ftruncate - found
-- Looking for getpeername
-- Looking for getpeername - found
-- Looking for getsockname
-- Looking for getsockname - found
-- Looking for if_nametoindex
-- Looking for if_nametoindex - found
-- Looking for getrlimit
-- Looking for getrlimit - found
-- Looking for setlocale
-- Looking for setlocale - found
-- Looking for setmode
-- Looking for setmode - not found
-- Looking for setrlimit
-- Looking for setrlimit - found
-- Looking for snprintf
-- Looking for snprintf - found
-- Looking for inet_ntop
-- Looking for inet_ntop - found
-- Looking for inet_pton
-- Looking for inet_pton - found
-- Looking for fsetxattr
-- Looking for fsetxattr - found
-- Performing Test HAVE_FSETXATTR_5
-- Performing Test HAVE_FSETXATTR_5 - Success
-- Performing Test HAVE_FSETXATTR_6
-- Performing Test HAVE_FSETXATTR_6 - Failed
-- Check size of sa_family_t
-- Check size of sa_family_t - done
-- Performing Test HAVE_FCNTL_O_NONBLOCK
-- Performing Test HAVE_FCNTL_O_NONBLOCK - Success
-- Performing Test HAVE_IOCTLSOCKET
-- Performing Test HAVE_IOCTLSOCKET - Failed
-- Performing Test HAVE_IOCTLSOCKET_CAMEL
-- Performing Test HAVE_IOCTLSOCKET_CAMEL - Failed
-- Performing Test HAVE_IOCTLSOCKET_CAMEL_FIONBIO
-- Performing Test HAVE_IOCTLSOCKET_CAMEL_FIONBIO - Failed
-- Performing Test HAVE_IOCTLSOCKET_FIONBIO
-- Performing Test HAVE_IOCTLSOCKET_FIONBIO - Failed
-- Performing Test HAVE_IOCTL_FIONBIO
-- Performing Test HAVE_IOCTL_FIONBIO - Success
-- Performing Test HAVE_IOCTL_SIOCGIFADDR
-- Performing Test HAVE_IOCTL_SIOCGIFADDR - Success
-- Performing Test HAVE_SETSOCKOPT_SO_NONBLOCK
-- Performing Test HAVE_SETSOCKOPT_SO_NONBLOCK - Failed
-- Performing Test HAVE_O_NONBLOCK
-- Performing Test HAVE_O_NONBLOCK - Failed
-- Performing Test HAVE_GETHOSTBYNAME_R_3
-- Performing Test HAVE_GETHOSTBYNAME_R_3 - Failed
-- Performing Test HAVE_GETHOSTBYNAME_R_5
-- Performing Test HAVE_GETHOSTBYNAME_R_5 - Failed
-- Performing Test HAVE_GETHOSTBYNAME_R_6
-- Performing Test HAVE_GETHOSTBYNAME_R_6 - Success
-- Performing Test HAVE_GETHOSTBYNAME_R_3_REENTRANT
-- Performing Test HAVE_GETHOSTBYNAME_R_3_REENTRANT - Failed
-- Performing Test HAVE_GETHOSTBYNAME_R_5_REENTRANT
-- Performing Test HAVE_GETHOSTBYNAME_R_5_REENTRANT - Failed
-- Performing Test HAVE_GETHOSTBYNAME_R_6_REENTRANT
-- Performing Test HAVE_GETHOSTBYNAME_R_6_REENTRANT - Success
-- Performing Test HAVE_IN_ADDR_T
-- Performing Test HAVE_IN_ADDR_T - Success
-- Performing Test HAVE_BOOL_T
-- Performing Test HAVE_BOOL_T - Success
-- Performing Test STDC_HEADERS
-- Performing Test STDC_HEADERS - Success
-- Performing Test HAVE_FILE_OFFSET_BITS
-- Performing Test HAVE_FILE_OFFSET_BITS - Success
-- Performing Test HAVE_ATOMIC
-- Performing Test HAVE_ATOMIC - Success
-- Check size of off_t
-- Check size of off_t - done
-- Looking for fseeko
-- Looking for fseeko - found
-- Check size of curl_off_t
-- Check size of curl_off_t - done
-- Check size of curl_socket_t
-- Check size of curl_socket_t - done
-- Performing Test HAVE_GLIBC_STRERROR_R
-- Performing Test HAVE_GLIBC_STRERROR_R - Failed
-- Performing Test HAVE_POSIX_STRERROR_R
-- Performing Test HAVE_POSIX_STRERROR_R - Success
-- Performing Test HAVE_CLOCK_GETTIME_MONOTONIC
-- Performing Test HAVE_CLOCK_GETTIME_MONOTONIC - Success
-- Check size of struct sockaddr_storage
-- Check size of struct sockaddr_storage - done
-- Performing Test HAVE_MSG_NOSIGNAL
-- Performing Test HAVE_MSG_NOSIGNAL - Success
-- Performing Test HAVE_STRUCT_TIMEVAL
-- Performing Test HAVE_STRUCT_TIMEVAL - Success
-- Performing Test HAVE_H_ERRNO
-- Performing Test HAVE_H_ERRNO - Success
-- Performing Test HAVE_CLOCK_GETTIME_MONOTONIC_RAW
-- Performing Test HAVE_CLOCK_GETTIME_MONOTONIC_RAW - Success
-- Protocols: http https ws wss
-- Features: alt-svc AsynchDNS HSTS HTTPS-proxy IPv6 Largefile libz SSL threadsafe UnixSockets
-- Enabled SSL backends: mbedTLS
-- Configuring done
-- Generating done
-- Build files have been written to: /home/nava/Files/code/active/streamer/android/app/.cxx/RelWithDebInfo/c6e662bo/x86_64/kobuzapi_core/archive_engine/net/curl_ext-prefix/src/curl_ext-build
