[1/118] Building C object 3rdparty/p256-m/CMakeFiles/p256m.dir/p256-m_driver_entrypoints.c.o
[2/118] Building C object 3rdparty/p256-m/CMakeFiles/p256m.dir/p256-m/p256-m.c.o
[3/118] Linking C static library 3rdparty/p256-m/libp256m.a
[4/118] Building C object library/CMakeFiles/mbedcrypto.dir/block_cipher.c.o
[5/118] Building C object library/CMakeFiles/mbedcrypto.dir/bignum_mod_raw.c.o
[6/118] Building C object library/CMakeFiles/mbedcrypto.dir/bignum_mod.c.o
[7/118] Building C object 3rdparty/everest/CMakeFiles/everest.dir/library/x25519.c.o
[8/118] Building C object library/CMakeFiles/mbedcrypto.dir/asn1write.c.o
[9/118] Building C object 3rdparty/everest/CMakeFiles/everest.dir/library/Hacl_Curve25519_joined.c.o
[10/118] Building C object 3rdparty/everest/CMakeFiles/everest.dir/library/everest.c.o
[11/118] Building C object library/CMakeFiles/mbedcrypto.dir/aesni.c.o
[12/118] Linking C static library 3rdparty/everest/libeverest.a
[13/118] Building C object library/CMakeFiles/mbedcrypto.dir/aesce.c.o
[14/118] Building C object library/CMakeFiles/mbedcrypto.dir/chachapoly.c.o
[15/118] Building C object library/CMakeFiles/mbedcrypto.dir/ccm.c.o
[16/118] Building C object library/CMakeFiles/mbedcrypto.dir/base64.c.o
[17/118] Building C object library/CMakeFiles/mbedcrypto.dir/chacha20.c.o
[18/118] Building C object library/CMakeFiles/mbedcrypto.dir/cipher_wrap.c.o
[19/118] Building C object library/CMakeFiles/mbedcrypto.dir/cipher.c.o
[20/118] Building C object library/CMakeFiles/mbedcrypto.dir/dhm.c.o
[21/118] Building C object library/CMakeFiles/mbedcrypto.dir/asn1parse.c.o
[22/118] Building C object library/CMakeFiles/mbedcrypto.dir/constant_time.c.o
[23/118] Building C object library/CMakeFiles/mbedcrypto.dir/ctr_drbg.c.o
[24/118] Building C object library/CMakeFiles/mbedcrypto.dir/ecdsa.c.o
[25/118] Building C object library/CMakeFiles/mbedcrypto.dir/aes.c.o
[26/118] Building C object library/CMakeFiles/mbedcrypto.dir/ecdh.c.o
[27/118] Building C object library/CMakeFiles/mbedcrypto.dir/camellia.c.o
[28/118] Building C object library/CMakeFiles/mbedcrypto.dir/cmac.c.o
[29/118] Building C object library/CMakeFiles/mbedcrypto.dir/aria.c.o
[30/118] Building C object library/CMakeFiles/mbedcrypto.dir/ecp_curves_new.c.o
[31/118] Building C object library/CMakeFiles/mbedcrypto.dir/hkdf.c.o
[32/118] Building C object library/CMakeFiles/mbedcrypto.dir/ecjpake.c.o
[33/118] Building C object library/CMakeFiles/mbedcrypto.dir/bignum_core.c.o
[34/118] Building C object library/CMakeFiles/mbedcrypto.dir/entropy_poll.c.o
[35/118] Building C object library/CMakeFiles/mbedcrypto.dir/memory_buffer_alloc.c.o
[36/118] Building C object library/CMakeFiles/mbedcrypto.dir/hmac_drbg.c.o
[37/118] Building C object library/CMakeFiles/mbedcrypto.dir/error.c.o
[38/118] Building C object library/CMakeFiles/mbedcrypto.dir/entropy.c.o
[39/118] Building C object library/CMakeFiles/mbedcrypto.dir/lmots.c.o
[40/118] Building C object library/CMakeFiles/mbedcrypto.dir/lms.c.o
[41/118] Building C object library/CMakeFiles/mbedcrypto.dir/md5.c.o
[42/118] Building C object library/CMakeFiles/mbedcrypto.dir/des.c.o
[43/118] Building C object library/CMakeFiles/mbedcrypto.dir/padlock.c.o
[44/118] Building C object library/CMakeFiles/mbedcrypto.dir/md.c.o
[45/118] Building C object library/CMakeFiles/mbedcrypto.dir/pk_ecc.c.o
[46/118] Building C object library/CMakeFiles/mbedcrypto.dir/pem.c.o
[47/118] Building C object library/CMakeFiles/mbedcrypto.dir/nist_kw.c.o
[48/118] Building C object library/CMakeFiles/mbedcrypto.dir/pk_wrap.c.o
[49/118] Building C object library/CMakeFiles/mbedcrypto.dir/platform.c.o
[50/118] Building C object library/CMakeFiles/mbedcrypto.dir/pkwrite.c.o
[51/118] Building C object library/CMakeFiles/mbedcrypto.dir/pkcs5.c.o
[52/118] Building C object library/CMakeFiles/mbedcrypto.dir/pk.c.o
[53/118] Building C object library/CMakeFiles/mbedcrypto.dir/platform_util.c.o
[54/118] Building C object library/CMakeFiles/mbedcrypto.dir/pkcs12.c.o
[55/118] Building C object library/CMakeFiles/mbedcrypto.dir/psa_crypto_client.c.o
[56/118] Building C object library/CMakeFiles/mbedcrypto.dir/poly1305.c.o
[57/118] Building C object library/CMakeFiles/mbedcrypto.dir/psa_crypto_aead.c.o
[58/118] Building C object library/CMakeFiles/mbedcrypto.dir/psa_crypto_driver_wrappers_no_static.c.o
[59/118] Building C object library/CMakeFiles/mbedcrypto.dir/oid.c.o
[60/118] Building C object library/CMakeFiles/mbedcrypto.dir/bignum.c.o
[61/118] Building C object library/CMakeFiles/mbedcrypto.dir/ecp.c.o
[62/118] Building C object library/CMakeFiles/mbedcrypto.dir/pkparse.c.o
[63/118] Building C object library/CMakeFiles/mbedcrypto.dir/ecp_curves.c.o
[64/118] Building C object library/CMakeFiles/mbedcrypto.dir/psa_crypto_hash.c.o
[65/118] Building C object library/CMakeFiles/mbedcrypto.dir/psa_crypto_ffdh.c.o
[66/118] Building C object library/CMakeFiles/mbedcrypto.dir/gcm.c.o
[67/118] Building C object library/CMakeFiles/mbedcrypto.dir/psa_crypto_se.c.o
[68/118] Building C object library/CMakeFiles/mbedcrypto.dir/psa_crypto_cipher.c.o
[69/118] Building C object library/CMakeFiles/mbedcrypto.dir/psa_crypto_ecp.c.o
[70/118] Building C object library/CMakeFiles/mbedcrypto.dir/psa_crypto_storage.c.o
[71/118] Building C object library/CMakeFiles/mbedcrypto.dir/psa_crypto_rsa.c.o
[72/118] Building C object library/CMakeFiles/mbedcrypto.dir/psa_its_file.c.o
[73/118] Building C object library/CMakeFiles/mbedcrypto.dir/psa_crypto_pake.c.o
[74/118] Building C object library/CMakeFiles/mbedcrypto.dir/psa_crypto_mac.c.o
[75/118] Building C object library/CMakeFiles/mbedcrypto.dir/psa_crypto_slot_management.c.o
[76/118] Building C object library/CMakeFiles/mbedcrypto.dir/rsa_alt_helpers.c.o
[77/118] Building C object library/CMakeFiles/mbedcrypto.dir/timing.c.o
[78/118] Building C object library/CMakeFiles/mbedcrypto.dir/threading.c.o
[79/118] Building C object library/CMakeFiles/mbedcrypto.dir/version.c.o
[80/118] Building C object library/CMakeFiles/mbedcrypto.dir/psa_util.c.o
[81/118] Building C object library/CMakeFiles/mbedx509.dir/x509_crl.c.o
[82/118] Building C object library/CMakeFiles/mbedcrypto.dir/version_features.c.o
[83/118] Building C object library/CMakeFiles/mbedcrypto.dir/sha1.c.o
[84/118] Building C object library/CMakeFiles/mbedcrypto.dir/sha3.c.o
[85/118] Building C object library/CMakeFiles/mbedcrypto.dir/ripemd160.c.o
[86/118] Building C object library/CMakeFiles/mbedx509.dir/pkcs7.c.o
[87/118] Building C object library/CMakeFiles/mbedtls.dir/mps_reader.c.o
[88/118] Building C object library/CMakeFiles/mbedcrypto.dir/sha512.c.o
[89/118] Building C object library/CMakeFiles/mbedx509.dir/x509write.c.o
[90/118] Building C object library/CMakeFiles/mbedx509.dir/x509_create.c.o
[91/118] Building C object library/CMakeFiles/mbedtls.dir/mps_trace.c.o
[92/118] Building C object library/CMakeFiles/mbedtls.dir/debug.c.o
[93/118] Building C object library/CMakeFiles/mbedx509.dir/x509write_csr.c.o
[94/118] Building C object library/CMakeFiles/mbedx509.dir/x509_csr.c.o
[95/118] Building C object library/CMakeFiles/mbedcrypto.dir/sha256.c.o
[96/118] Building C object library/CMakeFiles/mbedx509.dir/x509write_crt.c.o
[97/118] Building C object library/CMakeFiles/mbedx509.dir/x509.c.o
[98/118] Building C object library/CMakeFiles/mbedtls.dir/ssl_debug_helpers_generated.c.o
[99/118] Building C object library/CMakeFiles/mbedtls.dir/net_sockets.c.o
[100/118] Building C object library/CMakeFiles/mbedtls.dir/ssl_ciphersuites.c.o
[101/118] Building C object library/CMakeFiles/mbedtls.dir/ssl_cookie.c.o
[102/118] Building C object library/CMakeFiles/mbedtls.dir/ssl_cache.c.o
[103/118] Building C object library/CMakeFiles/mbedtls.dir/ssl_ticket.c.o
[104/118] Building C object library/CMakeFiles/mbedtls.dir/ssl_client.c.o
[105/118] Building C object library/CMakeFiles/mbedx509.dir/x509_crt.c.o
[106/118] Building C object library/CMakeFiles/mbedcrypto.dir/rsa.c.o
[107/118] Building C object library/CMakeFiles/mbedtls.dir/ssl_tls13_generic.c.o
[108/118] Building C object library/CMakeFiles/mbedtls.dir/ssl_tls13_client.c.o
[109/118] Building C object library/CMakeFiles/mbedtls.dir/ssl_tls13_keys.c.o
[110/118] Building C object library/CMakeFiles/mbedtls.dir/ssl_tls12_client.c.o
[111/118] Building C object library/CMakeFiles/mbedtls.dir/ssl_tls12_server.c.o
[112/118] Building C object library/CMakeFiles/mbedtls.dir/ssl_tls13_server.c.o
[113/118] Building C object library/CMakeFiles/mbedcrypto.dir/psa_crypto.c.o
[114/118] Linking C static library library/libmbedcrypto.a
[115/118] Linking C static library library/libmbedx509.a
[116/118] Building C object library/CMakeFiles/mbedtls.dir/ssl_msg.c.o
[117/118] Building C object library/CMakeFiles/mbedtls.dir/ssl_tls.c.o
[118/118] Linking C static library library/libmbedtls.a
