-- File already exists but no hash specified (use URL_HASH):
  file='/home/nava/Files/code/active/streamer/android/app/.cxx/Debug/1i2yu1k5/arm64-v8a/kobuzapi_core/archive_engine/net/curl_ext-prefix/src/curl-8.11.1.tar.gz'
Old file will be removed and new file downloaded from URL.
-- Downloading...
   dst='/home/nava/Files/code/active/streamer/android/app/.cxx/Debug/1i2yu1k5/arm64-v8a/kobuzapi_core/archive_engine/net/curl_ext-prefix/src/curl-8.11.1.tar.gz'
   timeout='none'
   inactivity timeout='none'
-- Using src='https://curl.se/download/curl-8.11.1.tar.gz'
-- [download 0% complete]
-- [download 1% complete]
-- [download 2% complete]
-- [download 4% complete]
-- [download 5% complete]
-- [download 7% complete]
-- [download 8% complete]
-- [download 9% complete]
-- [download 10% complete]
-- [download 11% complete]
-- [download 13% complete]
-- [download 14% complete]
-- [download 15% complete]
-- [download 18% complete]
-- [download 19% complete]
-- [download 20% complete]
-- [download 22% complete]
-- [download 23% complete]
-- [download 24% complete]
-- [download 26% complete]
-- [download 27% complete]
-- [download 30% complete]
-- [download 31% complete]
-- [download 32% complete]
-- [download 33% complete]
-- [download 36% complete]
-- [download 40% complete]
-- [download 44% complete]
-- [download 47% complete]
-- [download 48% complete]
-- [download 53% complete]
-- [download 58% complete]
-- [download 64% complete]
-- [download 70% complete]
-- [download 75% complete]
-- [download 87% complete]
-- [download 100% complete]
-- Downloading... done
-- extracting...
     src='/home/nava/Files/code/active/streamer/android/app/.cxx/Debug/1i2yu1k5/arm64-v8a/kobuzapi_core/archive_engine/net/curl_ext-prefix/src/curl-8.11.1.tar.gz'
     dst='/home/nava/Files/code/active/streamer/android/app/.cxx/Debug/1i2yu1k5/arm64-v8a/kobuzapi_core/archive_engine/net/curl_ext-prefix/src/curl_ext'
-- extracting... [tar xfz]
-- extracting... [analysis]
-- extracting... [rename]
-- extracting... [clean up]
-- extracting... done
