-- The C compiler identification is Clang 21.0.0
-- The CXX compiler identification is Clang 21.0.0
-- Detecting C compiler ABI info
-- Detecting C compiler ABI info - done
-- Check for working C compiler: /opt/android-sdk/ndk/29.0.14206865/toolchains/llvm/prebuilt/linux-x86_64/bin/clang - skipped
-- Detecting C compile features
-- Detecting C compile features - done
-- Detecting CXX compiler ABI info
-- Detecting CXX compiler ABI info - done
-- Check for working CXX compiler: /opt/android-sdk/ndk/29.0.14206865/toolchains/llvm/prebuilt/linux-x86_64/bin/clang++ - skipped
-- Detecting CXX compile features
-- Detecting CXX compile features - done
-- Looking for sys/types.h
-- Looking for sys/types.h - found
-- Looking for stdint.h
-- Looking for stdint.h - found
-- Looking for stddef.h
-- Looking for stddef.h - found
-- Check size of short
-- Check size of short - done
-- Check size of int
-- Check size of int - done
-- Check size of long long
-- Check size of long long - done
-- Check size of wchar_t
-- Check size of wchar_t - done
-- Check size of float
-- Check size of float - done
-- Check size of double
-- Check size of double - done
-- Performing Test HAVE_GCC_BYTESWAP
-- Performing Test HAVE_GCC_BYTESWAP - Success
-- Performing Test HAVE_ISO_STRDUP
-- Performing Test HAVE_ISO_STRDUP - Failed
-- Found ZLIB: /opt/android-sdk/ndk/29.0.14206865/toolchains/llvm/prebuilt/linux-x86_64/sysroot/usr/lib/aarch64-linux-android/26/libz.so (found version "1.3.0.1") 
-- Could NOT find utf8cpp (missing: utf8cpp_INCLUDE_DIR) 
-- Using utfcpp from /home/nava/Files/code/active/streamer/android/app/.cxx/RelWithDebInfo/c6e662bo/arm64-v8a/kobuzapi_core/archive_engine/tag/taglib_ext-prefix/src/taglib_ext/3rdparty/utfcpp
-- The following OPTIONAL packages have been found:

 * ZLIB

-- Configuring done
-- Generating done
-- Build files have been written to: /home/nava/Files/code/active/streamer/android/app/.cxx/RelWithDebInfo/c6e662bo/arm64-v8a/kobuzapi_core/archive_engine/tag/taglib_ext-prefix/src/taglib_ext-build
